2025-06-01 06:23:09 CALLBACK RECEIVED: {"refno":"TP2506010989819469","status":"1","reason":"Payment Approved","billcode":"x1jtdbxn","order_id":"32","amount":"100.00","status_id":"1","msg":"ok","transaction_id":"TP2506010989819469","fpx_transaction_id":"2506011203037735","hash":"933e4c3dacd21e69c48ab5758c0c7e57","transaction_time":"2025-06-01 12:03:03"}
Invalid order ID: TP2506010989819469
2025-06-01 06:26:28 CALLBACK RECEIVED: {"refno":"TP2506012070001158","status":"1","reason":"Payment Approved","billcode":"jyb8oxs8","order_id":"33","amount":"100.00","status_id":"1","msg":"ok","transaction_id":"TP2506012070001158","fpx_transaction_id":"2506011206237765","hash":"2b0e39d470dd985d946cbbdc4a4b735a","transaction_time":"2025-06-01 12:06:23"}
Invalid order ID: TP2506012070001158
2025-06-01 06:29:21 CALLBACK RECEIVED: {"refno":"TP2506012872839766","status":"1","reason":"Payment Approved","billcode":"s6tkwk5y","order_id":"34","amount":"100.00","status_id":"1","msg":"ok","transaction_id":"TP2506012872839766","fpx_transaction_id":"2506011209177148","hash":"2bfcfb15ed79fb8d3a0682bd2dbdef09","transaction_time":"2025-06-01 12:09:17"}
Invalid order ID: TP2506012872839766
2025-06-01 06:33:38 CALLBACK RECEIVED: {"refno":"TP2506012974155614","status":"1","reason":"Payment Approved","billcode":"b6uxu1lp","order_id":"35","amount":"150.00","status_id":"1","msg":"ok","transaction_id":"TP2506012974155614","fpx_transaction_id":"2506011213334517","hash":"92ea13a3cc11dc232c03e528fbebc44d","transaction_time":"2025-06-01 12:13:33"}
Invalid order ID: TP2506012974155614
2025-06-01 06:35:59 CALLBACK RECEIVED: {"refno":"TP2506010877036584","status":"1","reason":"Payment Approved","billcode":"7ue3h3re","order_id":"36","amount":"50.00","status_id":"1","msg":"ok","transaction_id":"TP2506010877036584","fpx_transaction_id":"2506011215565011","hash":"2572e062604ca6f775e407ff6c335677","transaction_time":"2025-06-01 12:15:56"}
Invalid order ID: TP2506010877036584
2025-06-01 06:40:12 CALLBACK RECEIVED: {"refno":"TP2506011129585964","status":"1","reason":"Payment Approved","billcode":"67xt5apw","order_id":"37","amount":"100.00","status_id":"1","msg":"ok","transaction_id":"TP2506011129585964","fpx_transaction_id":"2506011220042605","hash":"870ffad9168766c62627a34143d0c1e7","transaction_time":"2025-06-01 12:20:04"}
Order updated: id=37, status=Successful
2025-06-01 06:41:53 CALLBACK RECEIVED: {"refno":"TP2506012987193664","status":"1","reason":"Payment Approved","billcode":"tv5uagza","order_id":"38","amount":"100.00","status_id":"1","msg":"ok","transaction_id":"TP2506012987193664","fpx_transaction_id":"2506011221488310","hash":"eee7d5e66100e1f100a603e48d11d032","transaction_time":"2025-06-01 12:21:48"}
Order updated: id=38, status=Successful
2025-06-01 06:42:51 CALLBACK RECEIVED: {"refno":"TP2506013185133838","status":"3","reason":"Payment Unsuccessful","billcode":"qj08aetx","order_id":"39","amount":"100.00","status_id":"3","msg":"ok","transaction_id":"TP2506013185133838","fpx_transaction_id":"2506011222517217","hash":"41770af02f7e607ede0bac89eea0f09e","transaction_time":"2025-06-01 12:22:51"}
Unknown payment status: 3
2025-06-01 06:51:12 CALLBACK RECEIVED: {"refno":"TP2506014629938059","status":"3","reason":"Payment Unsuccessful","billcode":"ngo5q21e","order_id":"40","amount":"100.00","status_id":"3","msg":"ok","transaction_id":"TP2506014629938059","fpx_transaction_id":"2506011231111119","hash":"d9d359589c238dd0b8d903239fbbe791","transaction_time":"2025-06-01 12:31:11"}
Unknown payment status: 3
2025-06-01 06:54:26 CALLBACK RECEIVED: {"refno":"TP2506011396365597","status":"3","reason":"Payment Unsuccessful","billcode":"fjo9cqy2","order_id":"42","amount":"100.00","status_id":"3","msg":"ok","transaction_id":"TP2506011396365597","fpx_transaction_id":"2506011234253934","hash":"8e5780e7087e6d29fef03037cf8f38c8","transaction_time":"2025-06-01 12:34:25"}
Unknown payment status: 3
2025-06-01 06:58:41 CALLBACK RECEIVED: {"refno":"TP2506011922004643","status":"1","reason":"Payment Approved","billcode":"0cnrbfq0","order_id":"43","amount":"100.00","status_id":"1","msg":"ok","transaction_id":"TP2506011922004643","fpx_transaction_id":"2506011238358747","hash":"ee5a147dda4996332b3ae0383ca13dd9","transaction_time":"2025-06-01 12:38:35"}
Order updated successfully: id=43, status=Successful
2025-06-01 06:59:30 CALLBACK RECEIVED: {"refno":"TP2506010449922478","status":"3","reason":"Payment Unsuccessful","billcode":"1q527dgy","order_id":"44","amount":"100.00","status_id":"3","msg":"ok","transaction_id":"TP2506010449922478","fpx_transaction_id":"2506011239285990","hash":"0642ded9589d5c35a3905568513d127c","transaction_time":"2025-06-01 12:39:28"}
Order updated successfully: id=44, status=Failed
2025-06-01 07:32:07 CALLBACK RECEIVED: {"refno":"TP2506012003350229","status":"1","reason":"Payment Approved","billcode":"c7fmgci5","order_id":"53","amount":"150.00","status_id":"1","msg":"ok","transaction_id":"TP2506012003350229","fpx_transaction_id":"2506010112022018","hash":"4673c75d033d42d08a412f43c967ff57","transaction_time":"2025-06-01 01:12:02"}
Order updated successfully: id=53, status=Successful
Stock updated for order id=53
2025-06-01 07:33:44 CALLBACK RECEIVED: {"refno":"TP2506014245939144","status":"3","reason":"Payment Unsuccessful","billcode":"t5jj8ytv","order_id":"54","amount":"50.00","status_id":"3","msg":"ok","transaction_id":"TP2506014245939144","fpx_transaction_id":"2506010113397231","hash":"f9d751ec41b15d9f32b3b38076f5b255","transaction_time":"2025-06-01 01:13:39"}
Order updated successfully: id=54, status=Failed
2025-06-01 07:34:40 CALLBACK RECEIVED: {"refno":"TP2506014832569163","status":"3","reason":"Payment Unsuccessful","billcode":"bmdf6hd4","order_id":"55","amount":"150.00","status_id":"3","msg":"ok","transaction_id":"TP2506014832569163","fpx_transaction_id":"2506010114397977","hash":"c7f2af672430b8083338da571d63d74d","transaction_time":"2025-06-01 01:14:39"}
Order updated successfully: id=55, status=Failed
2025-06-01 07:38:58 CALLBACK RECEIVED: {"refno":"TP2506014555385096","status":"3","reason":"Payment Unsuccessful","billcode":"ca1yrvv8","order_id":"56","amount":"150.00","status_id":"3","msg":"ok","transaction_id":"TP2506014555385096","fpx_transaction_id":"2506010118599781","hash":"b64b59c0228c591f7e7d1e2286060acd","transaction_time":"2025-06-01 01:18:59"}
Order updated successfully: id=56, status=Failed
2025-06-01 07:41:44 CALLBACK RECEIVED: {"refno":"TP2506012143389565","status":"3","reason":"Payment Unsuccessful","billcode":"1jl3mic5","order_id":"57","amount":"150.00","status_id":"3","msg":"ok","transaction_id":"TP2506012143389565","fpx_transaction_id":"2506010121377799","hash":"a14493b9491242ec6d6f63ce5a5967b2","transaction_time":"2025-06-01 01:21:37"}
Order updated successfully: id=57, status=Failed
2025-06-01 08:03:09 CALLBACK RECEIVED: {"refno":"TP2506011170194547","status":"1","reason":"Payment Approved","billcode":"lfl6ubun","order_id":"58","amount":"150.00","status_id":"1","msg":"ok","transaction_id":"TP2506011170194547","fpx_transaction_id":"2506010143025997","hash":"0463fef65394a0b860e88a0ad9e7795a","transaction_time":"2025-06-01 01:43:02"}
Order updated successfully: id=58, status=Successful
Stock updated for order id=58
2025-06-01 08:04:00 CALLBACK RECEIVED: {"refno":"TP2506011830127920","status":"1","reason":"Payment Approved","billcode":"c7rx5yu9","order_id":"59","amount":"250.00","status_id":"1","msg":"ok","transaction_id":"TP2506011830127920","fpx_transaction_id":"2506010143573262","hash":"5baeddda634da680ef542c0a7d6103fe","transaction_time":"2025-06-01 01:43:57"}
Order updated successfully: id=59, status=Successful
Stock updated for order id=59
2025-06-01 08:08:49 CALLBACK RECEIVED: {"refno":"TP2506010098679987","status":"1","reason":"Payment Approved","billcode":"ucv259gc","order_id":"60","amount":"400.00","status_id":"1","msg":"ok","transaction_id":"TP2506010098679987","fpx_transaction_id":"2506010148457262","hash":"8eb5aa834a9100e808dc52e3ee3d9b0a","transaction_time":"2025-06-01 01:48:45"}
Order updated successfully: id=60, status=Successful
Stock updated for order id=60
2025-06-01 08:11:09 CALLBACK RECEIVED: {"refno":"TP2506011427458533","status":"1","reason":"Payment Approved","billcode":"mrmv59y1","order_id":"62","amount":"400.00","status_id":"1","msg":"ok","transaction_id":"TP2506011427458533","fpx_transaction_id":"2506010151054135","hash":"000f74cbf58a84bc305f8bc34532ef99","transaction_time":"2025-06-01 01:51:05"}
Order updated successfully: id=62, status=Successful
Stock updated for order id=62
2025-06-01 08:20:23 CALLBACK RECEIVED: {"refno":"TP2506010195061085","status":"1","reason":"Payment Approved","billcode":"gr3kroia","order_id":"63","amount":"50.00","status_id":"1","msg":"ok","transaction_id":"TP2506010195061085","fpx_transaction_id":"2506010200206537","hash":"f50a4dae0cc579ce7c8b2ec2a113b41a","transaction_time":"2025-06-01 02:00:20"}
Order updated successfully: id=63, status=Successful
Stock updated for order id=63
2025-06-01 08:21:02 CALLBACK RECEIVED: {"refno":"TP2506010554685161","status":"3","reason":"Payment Unsuccessful","billcode":"uxz2o1mh","order_id":"64","amount":"150.00","status_id":"3","msg":"ok","transaction_id":"TP2506010554685161","fpx_transaction_id":"2506010201017093","hash":"755c3af095ed02ca7358230db1ca5984","transaction_time":"2025-06-01 02:01:01"}
Order updated successfully: id=64, status=Failed
2025-06-01 08:22:39 CALLBACK RECEIVED: {"refno":"TP2506014187681125","status":"1","reason":"Payment Approved","billcode":"teec1j50","order_id":"65","amount":"150.00","status_id":"1","msg":"ok","transaction_id":"TP2506014187681125","fpx_transaction_id":"2506010202363243","hash":"f0e3b4a5bf2965ab9ad80bd3387e0ee0","transaction_time":"2025-06-01 02:02:36"}
Order updated successfully: id=65, status=Successful
Stock updated for order id=65
2025-06-01 08:34:37 CALLBACK RECEIVED: {"refno":"TP2506014266945540","status":"3","reason":"Payment Unsuccessful","billcode":"7480s1sh","order_id":"68","amount":"300.00","status_id":"3","msg":"ok","transaction_id":"TP2506014266945540","fpx_transaction_id":"2506010214377736","hash":"133bd3b5e9fd9f413cf5fbb114654fd0","transaction_time":"2025-06-01 02:14:37"}
Order updated successfully: id=68, status=Failed
2025-06-02 18:33:39 CALLBACK RECEIVED: {"refno":"TP2506032977696249","status":"1","reason":"Payment Approved","billcode":"cdkwixx4","order_id":"73","amount":"150.00","status_id":"1","msg":"ok","transaction_id":"TP2506032977696249","fpx_transaction_id":"2506031213327122","hash":"4d3cb5b643458c85a4f77257d0ec79e1","transaction_time":"2025-06-03 12:13:32"}
Order updated successfully: id=73, status=Successful
Stock updated for order id=73
2025-06-09 15:22:26 CALLBACK RECEIVED: {"refno":"TP2506092129802675","status":"1","reason":"Payment Approved","billcode":"qx3rdiiq","order_id":"78","amount":"150.00","status_id":"1","msg":"ok","transaction_id":"TP2506092129802675","fpx_transaction_id":"2506090902148951","hash":"0f0da2b9e2b6b9449c1fd8e3ad9edd59","transaction_time":"2025-06-09 09:02:14"}
Order updated successfully: id=78, status=Successful
Stock updated for order id=78
2025-06-09 15:30:07 CALLBACK RECEIVED: {"refno":"TP2506090588833787","status":"1","reason":"Payment Approved","billcode":"n0c889uw","order_id":"79","amount":"50.00","status_id":"1","msg":"ok","transaction_id":"TP2506090588833787","fpx_transaction_id":"2506090909565551","hash":"684f86a04c7849d011041b2a4ddc15dd","transaction_time":"2025-06-09 09:09:56"}
Order updated successfully: id=79, status=Successful
Stock updated for order id=79
2025-06-09 15:30:45 CALLBACK RECEIVED: {"refno":"TP2506091234732575","status":"3","reason":"Payment Unsuccessful","billcode":"x0chkeca","order_id":"80","amount":"150.00","status_id":"3","msg":"ok","transaction_id":"TP2506091234732575","fpx_transaction_id":"2506090910357832","hash":"2d62bbff4df275bf7ac8ab677a2b5f68","transaction_time":"2025-06-09 09:10:35"}
Order updated successfully: id=80, status=Failed
